Logging in as testuser...
Got access token
Uploading CSV...
Status: 500
Response: {"error":"Processing error: CHECK constraint failed: (JSON_VALID(\"analytics\") OR \"analytics\" IS NULL)"}
